[demo.deviserweb.com/cv/index.html]
[backblue.gif]
[fade.gif]
[index.html]
[demo.deviserweb.com/cv/assets/images/favicon.ico]
[demo.deviserweb.com/cv/assets/images/apple-icon-72x72.png]
[demo.deviserweb.com/cv/assets/images/apple-icon-76x76.png]
[demo.deviserweb.com/cv/assets/images/apple-icon-114x114.png]
[demo.deviserweb.com/cv/assets/css/materialize.min.css]
[demo.deviserweb.com/cv/assets/css/animate.css]
[demo.deviserweb.com/cv/assets/icons/font-awesome-4.1.0/css/font-awesome.min.css]
[demo.deviserweb.com/cv/assets/css/style.css]
[demo.deviserweb.com/cv/assets/css/responsive.css]
[demo.deviserweb.com/cv/assets/css/colors/red.css]
[demo.deviserweb.com/cv/assets/css/colors/purple.css]
[demo.deviserweb.com/cv/assets/css/colors/orange.css]
[demo.deviserweb.com/cv/assets/css/colors/green.css]
[demo.deviserweb.com/cv/assets/css/colors/lime.css]
[demo.deviserweb.com/cv/assets/css/demo.css]
[demo.deviserweb.com/cv/assets/images/profile-img.jpg]
[demo.deviserweb.com/cv/project.html]
[demo.deviserweb.com/cv/cover-latter.html]
[demo.deviserweb.com/cv/blog.html]
[demo.deviserweb.com/cv/contact.html]
[demo.deviserweb.com/cv/assets/js/wow.min.js]
[demo.deviserweb.com/cv/assets/js/jquery.min.js]
[demo.deviserweb.com/cv/assets/js/masonry.pkgd.js]
[demo.deviserweb.com/cv/assets/js/validator.min.js]
[demo.deviserweb.com/cv/assets/js/materialize.min.js]
[demo.deviserweb.com/cv/index.html]
[demo.deviserweb.com/cv/assets/images/apple-icon-76x76.html]
[demo.deviserweb.com/cv/assets/js/init.js]
[demo.deviserweb.com/cv/assets/js/styleswitcher.js]
[demo.deviserweb.com/cv/assets/font/material-design-icons/Material-Design-Iconsd41d.eot]
[demo.deviserweb.com/cv/assets/font/material-design-icons/Material-Design-Icons.woff]
[demo.deviserweb.com/cv/assets/font/material-design-icons/Material-Design-Icons.ttf]
[demo.deviserweb.com/cv/assets/font/material-design-icons/Material-Design-Icons.svg]
[demo.deviserweb.com/cv/assets/font/roboto/Roboto-Thin.woff]
[demo.deviserweb.com/cv/assets/font/roboto/Roboto-Thin.ttf]
[demo.deviserweb.com/cv/assets/font/roboto/Roboto-Light.woff]
[demo.deviserweb.com/cv/assets/font/roboto/Roboto-Light.ttf]
[demo.deviserweb.com/cv/assets/font/roboto/Roboto-Regular.woff]
[demo.deviserweb.com/cv/assets/font/roboto/Roboto-Regular.ttf]
[demo.deviserweb.com/cv/assets/font/roboto/Roboto-Medium.woff]
[demo.deviserweb.com/cv/assets/font/roboto/Roboto-Medium.ttf]
[demo.deviserweb.com/cv/assets/font/roboto/Roboto-Bold.woff]
[demo.deviserweb.com/cv/assets/font/roboto/Roboto-Bold.ttf]
[demo.deviserweb.com/cv/assets/css/materialize.min.css]
[demo.deviserweb.com/cv/assets/css/animate.css]
[demo.deviserweb.com/cv/assets/icons/font-awesome-4.1.0/fonts/fontawesome-webfont862f862f.eot]
[demo.deviserweb.com/cv/assets/icons/font-awesome-4.1.0/fonts/fontawesome-webfontd41dd41d.eot]
[demo.deviserweb.com/cv/assets/icons/font-awesome-4.1.0/fonts/fontawesome-webfont862f862f.woff]
[demo.deviserweb.com/cv/assets/icons/font-awesome-4.1.0/fonts/fontawesome-webfont862f862f.html]
[demo.deviserweb.com/cv/assets/icons/font-awesome-4.1.0/css/font-awesome.min.css]
[demo.deviserweb.com/cv/assets/images/loading.gif]
[demo.deviserweb.com/cv/assets/icons/font-awesome-4.1.0/fonts/fontawesome-webfont862f862f.svg]
[demo.deviserweb.com/cv/assets/css/style.css]
[demo.deviserweb.com/cv/assets/css/responsive.css]
[demo.deviserweb.com/cv/assets/css/colors/red.css]
[demo.deviserweb.com/cv/assets/css/colors/purple.css]
[demo.deviserweb.com/cv/assets/css/colors/orange.css]
[demo.deviserweb.com/cv/assets/css/colors/green.css]
[demo.deviserweb.com/cv/assets/css/colors/lime.css]
[demo.deviserweb.com/cv/assets/css/demo.css]
[demo.deviserweb.com/cv/assets/css/nav.css]
[demo.deviserweb.com/cv/portfolio-full.html]
[demo.deviserweb.com/cv/assets/images/p.jpg]
[demo.deviserweb.com/cv/assets/images/p-1.jpg]
[demo.deviserweb.com/cv/assets/images/p-2.jpg]
[demo.deviserweb.com/cv/assets/images/p-3.jpg]
[demo.deviserweb.com/cv/assets/images/p-5.jpg]
[demo.deviserweb.com/cv/assets/images/p-6.jpg]
[demo.deviserweb.com/cv/assets/images/p-7.jpg]
[demo.deviserweb.com/cv/assets/images/p-8.jpg]
[demo.deviserweb.com/cv/project.html]
[demo.deviserweb.com/cv/assets/images/sig.png]
[demo.deviserweb.com/cv/cover-latter.html]
[demo.deviserweb.com/cv/assets/js/jquery.mixitup.min.js]
[demo.deviserweb.com/cv/blog-full-post.html]
[demo.deviserweb.com/cv/assets/images/blog1.jpg]
[demo.deviserweb.com/cv/assets/images/blog2.jpg]
[demo.deviserweb.com/cv/assets/images/blog4.jpg]
[demo.deviserweb.com/cv/assets/images/blog5.jpg]
[demo.deviserweb.com/cv/assets/images/bb3.jpg]
[demo.deviserweb.com/cv/blog.html]
[demo.deviserweb.com/cv/contact.html]
[demo.deviserweb.com/cv/assets/font/material-design-icons/Material-Design-Icons.html]
[demo.deviserweb.com/cv/assets/font/material-design-icons/Material-Design-Icons.svg]
[demo.deviserweb.com/cv/assets/font/roboto/Roboto-Thin.html]
[demo.deviserweb.com/cv/assets/font/roboto/Roboto-Light.html]
[demo.deviserweb.com/cv/assets/font/roboto/Roboto-Regular.html]
[demo.deviserweb.com/cv/assets/font/roboto/Roboto-Medium.html]
[demo.deviserweb.com/cv/assets/font/roboto/Roboto-Bold.html]
[demo.deviserweb.com/cv/assets/icons/font-awesome-4.1.0/fonts/fontawesome-webfont862f862f.html]
[demo.deviserweb.com/cv/assets/icons/font-awesome-4.1.0/fonts/fontawesome-webfont862f862f.svg]
[demo.deviserweb.com/cv/assets/css/nav.css]
[demo.deviserweb.com/cv/assets/images/1.jpg]
[demo.deviserweb.com/cv/portfolio-full.html]
[demo.deviserweb.com/cv/assets/images/blog.jpg]
[demo.deviserweb.com/cv/assets/images/pp3.jpg]
[demo.deviserweb.com/cv/blog-full-post.html]
